[36mvite v5.4.21 [32mbuilding for production...[36m[39m
transforming...
[32m✓[39m 2485 modules transformed.
rendering chunks...
computing gzip size...
[2mdist/[22m[32mindex.html                 [39m[1m[2m    0.83 kB[22m[1m[22m[2m │ gzip:   0.50 kB[22m
[2mdist/[22m[35massets/index-BcRP7fkw.css  [39m[1m[2m   23.91 kB[22m[1m[22m[2m │ gzip:   5.04 kB[22m
[2mdist/[22m[36massets/index-DoCfbRZI.js   [39m[1m[33m1,335.99 kB[39m[22m[2m │ gzip: 440.32 kB[22m
[33m
(!) Some chunks are larger than 500 kB after minification. Consider:
- Using dynamic import() to code-split the application
- Use build.rollupOptions.output.manualChunks to improve chunking: https://rollupjs.org/configuration-options/#output-manualchunks
- Adjust chunk size limit for this warning via build.chunkSizeWarningLimit.[39m
[32m✓ built in 15.73s[39m
